#CRY01#	(S)
#CRY02#	(S)
#CRY03#	(S)
#CRY04#	(S)
#AARGH01#	(S)
#AARGH02#	(S)
#AARGH03#	(S)
#BREATH01#	(S)
#BREATH02#	(S)
#BREATH03#	(S)
#CLICK01#	(S)
#CLICK02#	(S)
#MMM01#	(S)
#MMM02#	(S)
#MMM03#	(S)
#LAUGH01#	(S)
#LAUGH02#	(S)
#LAUGH03#	(S)
#SLEEP01#	(S)
#SLEEP02#	(S)
#WHISTLE01#	(S)
#WHISTLE02#	(S)
#SNEEZE01#	(S)
#SNEEZE02#	(S)
#YAWN01#	(S)
#YAWN02#	(S)
#COUGH01#	(S)
#COUGH02#	(S)
#SWALLOW01#	(S)
#SWALLOW02#	(S)
#THROAT01#	(S)
#THROAT02#	(S)
#THROAT03#	(S)
#DOG#	(S)
#CAT#	(S)
#FROG#	(S)
#COW#	(S)
#SHEEP#	(S)
#GOAT#	(S)
#DUCK#	(S)
#CHICKEN#	(S)
#HORSE#	(S)
#DONKEY#	(S)
#PIG#	(S)
#GOOSE#	(S)
#ELEPHANT#	(S)
#WOLF#	(S)
#LION#	(S)
#SNAKE#	(S)
#MONKEY#	(S)
#BIRD#	(S)
#CROW#	(S)
#MOUSE#	(S)
#BEE#	(S)
#BEAR#	(S)
#ROOSTER#	(S)
#CAR_REVVING#	(S)
#CAR_HORN#	(S)
#TRAIN#	(S)
#POLICE_SIREN#	(S)
#FIRE_SIREN#	(S)
#AMBULANCE_SIREN#	(S)
#A#	(S)
#A:#	(S)
#Ai#	(S)
#{}#	(S)
#e#	(S)
#e:#	(S)
#@#	(S)
#{i#	(S)
#i#	(S)
#i:#	(S)
#u#	(S)
#u:#	(S)
#}#	(S)
#}:#	(S)
#y#	(S)
#y:#	(S)
#{#	(S)
#{:#	(S)
#2#	(S)
#2:#	(S)
#2y#	(S)
#O#	(S)
#O:#	(S)
#l=#	(S)
#n=#	(S)
#rn=#	(S)
#aU#	(S)
#rd#	(S)
#rl#	(S)
#rn#	(S)
#rs#	(S)
#rt#	(S)
#rL#	(S)
#b#	(S)
#d#	(S)
#f#	(S)
#g#	(S)
#h#	(S)
#j#	(S)
#k#	(S)
#k_h#	(S)
#C#	(S)
#l#	(S)
#m#	(S)
#n#	(S)
#N#	(S)
#p#	(S)
#p_h#	(S)
#r#	(S)
#s#	(S)
#S#	(S)
#t#	(S)
#t_h#	(S)
#rt_h#	(S)
#v#	(S)
#w#	(S)
#x#	(S)
#z#	(S)
#tS#	(S)
#dZ#	(S)
#D#	(S)
#T#	(S)
#Z#	(S)
#eI#	(S)
#L#	(S)
#Oi#	(S)
#FATHER_ANGRY#	(S)
#FATHER_CALLING#	(S)
#FATHER_QUESTIONING#	(S)
#FATHER_WHEEDLING#	(S)
#FATHER_WHINING#	(S)
#DADDY_ANGRY#	(S)
#DADDY_CALLING#	(S)
#DADDY_QUESTIONING#	(S)
#DADDY_WHEEDLING#	(S)
#DADDY_WHINING#	(S)
#DAD_ANGRY#	(S)
#DAD_CALLING#	(S)
#DAD_QUESTIONING#	(S)
#DAD_WHEEDLING#	(S)
#DAD_WHINING#	(S)
#MOTHER_ANGRY#	(S)
#MOTHER_CALLING#	(S)
#MOTHER_QUESTIONING#	(S)
#MOTHER_WHEEDLING#	(S)
#MOTHER_WHINING#	(S)
#MUMMY_ANGRY#	(S)
#MUMMY_CALLING#	(S)
#MUMMY_QUESTIONING#	(S)
#MUMMY_WHEEDLING#	(S)
#MUMMY_WHINING#	(S)
#MUM_ANGRY#	(S)
#MUM_CALLING#	(S)
#MUM_QUESTIONING#	(S)
#MUM_WHEEDLING#	(S)
#MUM_WHINING#	(S)
